What the audits check, by what a card is

projects       428
  onPlay       281
  action       80
  bespoke      24
  ongoing      23
  scoring      20
preludes       70
corporations   49

Verified:
  audit-inert-cards      every card is known to the engine (a gate at 0)
  card-coverage          every card changes the state when played
  audit-card-contracts   the declared amount is the amount paid, for the
                         cards whose promise is a fixed or countable number
  audit-card-actions     every branch of every declared action takes what it
                         says and gives what it says
  audit-ongoing-effects  an ongoing effect is felt where it applies -- a
                         discount at a price, a concession at a trade, a
                         watcher at the next card played
  audit-card-scoring     every variable-VP card pays what its spec declares at
                         0, per-1, per and per+1 of whatever it counts, with
                         "all" shapes split across both players
  audit-playable-        the reference implementation's own requirement cases,
    against-upstream     run against our engine on the boards its authors chose
  audit-actions-         the same, for whether a card's action can be used --
    against-upstream     the half a playability check cannot see
  audit-vp-cases-        and the same again for what a card is worth: the spec
    against-upstream     comparison checks the declaration, the boundary sweep
                         checks the arithmetic, this checks the answer
  audit-behavior-        our declared behaviour says what the real card's
    against-upstream     declared behaviour says, for the keys both use
  audit-skip-ledger      every card the upstream oracles could not speak for --
                         335 dropped blocks across 210 cards, plus 245 no
                         oracle mentions -- is owned by a test or an audit
  audit-unsupported-     the register of unimplemented cards is empty, and this is a gate: a
    isolation            card that stops working, or one listed and still reachable, fails here
  audit-bespoke-         174 cards whose behaviour upstream writes by hand: a
    inventory            card given an action there must have one here, or say
                         what implementing it would take
  audit-unspecced-       the seven cards the reference ships no test file for
    cards                each name the local test that owns them, since all
                         three upstream oracles are blind to them
  audit-empty-spec-      every card with no effectSpec says by name why it has
    registry             none, so a card cannot go quietly dead
  audit-cards-against-   our cost, tags, requirements, type and resource type
    upstream             say what the real cards say, compared against a
                         manifest pinned to one upstream commit
  audit-vp-against-      the same, for victory points
    upstream

Not verified:
  a bespoke card's effect beyond "something changed"
  whether OUR TEXT describes the real card. Every audit here checks that the
    engine honours what the catalogue says; a card whose text promises nothing
    passes them all while doing nothing. Seven cards were in exactly that state
    -- their upstream behaviour lives in a hand-written method the catalogue
    generator could not copy -- and only reading the real cards found them.
    audit-empty-spec-registry is the gate for the next one, but it can only
    ask whether a card is accounted for, never whether the account is true
  four ongoing effects the audit has no reading for -- Rover Construction,
    Cutting Edge Technology, Martian Lumber Corp and Meat Industry. Each has a
    test in strict-rules, so they are checked; they are not checked by a
    mechanical sweep that would notice if a fifth appeared
  Capital, Law Suit, St Joseph and Vermin, which score by their own rule
    rather than by a spec, and are covered by tests instead
  the order effects resolve in, where the order changes the outcome
  what those 335 dropped upstream blocks actually assert. The skip ledger says
    every card they concern is measured by something else; it does not say the
    something else asks the same question the dropped block did
  the difference between a cost the player must be able to pay and one that
    simply takes what it can. Upstream distinguishes them with a "lose" key; we
    now read it, but only for the cards whose spec carries it
  what a card DOES beyond what it declares. Its printed values and its declared
    behaviour are both compared with upstream now; what a hand-written method
    does there is not, and 72 cards are skipped by the behaviour comparison
    with a reason each
  22 cards whose upstream constructor prints nothing to compare: 16 preludes,
    which print no cost, tags or points and declare only a behavior, and 6 that
    pass their values positionally to a base class or hold them in code. Each
    carries its reason in the manifest

"Every card does something" is not "every card is right", and the numbers above
are the first claim. The second is only true where a contract or a test says so.
