
> mars-frontier@0.1.0 build:static
> cross-env NEXT_PUBLIC_SOLO_ONLY=1 npm run build && node scripts/export-static.mjs


> mars-frontier@0.1.0 build
> cross-env WRANGLER_LOG_PATH=.wrangler/wrangler.log vinext build


  vinext build  (Vite 8.0.13)

[1/5] analyze client references...
[2K
transforming...✓ 177 modules transformed.
rendering chunks...
✓ built in 2.93s
[2/5] analyze server references...
[2K
transforming...✓ 86 modules transformed.
rendering chunks...
✓ built in 1.36s
[3/5] build rsc environment...
[2K
transforming...✓ 183 modules transformed.
rendering chunks...
computing gzip size...
[PLUGIN_TIMINGS] Your build spent significant time in plugins. Here is a breakdown:
  - vinext:react-canary (16%)
  - rsc:virtual-client-package (13%)
  - rsc:scan-strip (8%)
  - rsc:use-client (5%)
  - vite-plugin-commonjs (5%)
See https://rolldown.rs/options/checks#plugintimings for more details.

✓ built in 4.06s
[4/5] build client environment...
[2K
transforming...✓ 94 modules transformed.
rendering chunks...
computing gzip size...
[plugin builtin:vite-reporter] 
(!) Some chunks are larger than 500 kB after minification. Consider:
- Using dynamic import() to code-split the application
- Use build.rolldownOptions.output.codeSplitting to improve chunking: https://rolldown.rs/reference/OutputOptions.codeSplitting
- Adjust chunk size limit for this warning via build.chunkSizeWarningLimit.
[PLUGIN_TIMINGS] Your build spent significant time in plugins. Here is a breakdown:
  - vinext:react-canary (13%)
  - vinext:jsx-in-js (10%)
  - rsc:virtual-client-package (8%)
  - vinext:og-inline-fetch-assets (8%)
  - vinext:mdx (8%)
See https://rolldown.rs/options/checks#plugintimings for more details.

✓ built in 3.22s
[5/5] build ssr environment...
[2K
transforming...✓ 92 modules transformed.
rendering chunks...
computing gzip size...
[PLUGIN_TIMINGS] Your build spent significant time in plugins. Here is a breakdown:
  - vinext:react-canary (12%)
  - rsc:virtual-client-package (10%)
  - vinext:mdx (10%)
  - vinext:optimize-imports (7%)
  - rsc:use-client (6%)
See https://rolldown.rs/options/checks#plugintimings for more details.

✓ built in 4.73s
[0m
  Route (app)
  ─ ? /

  ? Unknown

  ? Some routes could not be classified. vinext currently uses static analysis
    and cannot detect dynamic API usage (headers(), cookies(), etc.) at build time.
    Automatic classification will be improved in a future release.
  Build complete. Run `vinext start` to start the production server.

